// Jest Snapshot v1, https://goo.gl/fbAQLP

exports[`<Template> renders the Template content 1`] = `
<div
  className="template"
>
  http://www.example.com
</div>
`;
