// Jest Snapshot v1, https://goo.gl/fbAQLP

exports[`<LinkReplace> renders the LinkReplace component 1`] = `
<div
  className="overriding-class"
  onClick={[Function]}
  onKeyDown={[Function]}
  role="button"
  tabIndex={-1}
>
  <button />
</div>
`;
